c:\users\rasa\documents\pin_code\pin_code\x64\release\pin_code.pch
c:\users\rasa\documents\pin_code\pin_code\x64\release\vc143.pdb
c:\users\rasa\documents\pin_code\pin_code\x64\release\pch.obj
c:\users\rasa\documents\pin_code\pin_code\x64\release\pin_codedlg.obj
c:\users\rasa\documents\pin_code\pin_code\x64\release\pin_code.obj
c:\users\rasa\documents\pin_code\x64\release\pin_code.exe
c:\users\rasa\documents\pin_code\x64\release\pin_code.pdb
c:\users\rasa\documents\pin_code\pin_code\x64\release\pincode.res
c:\users\rasa\documents\pin_code\pin_code\x64\release\pin_code.ipdb
c:\users\rasa\documents\pin_code\pin_code\x64\release\pin_code.iobj
c:\users\rasa\documents\pin_code\pin_code\x64\release\pin_code.tlog\cl.command.1.tlog
c:\users\rasa\documents\pin_code\pin_code\x64\release\pin_code.tlog\cl.items.tlog
c:\users\rasa\documents\pin_code\pin_code\x64\release\pin_code.tlog\cl.read.1.tlog
c:\users\rasa\documents\pin_code\pin_code\x64\release\pin_code.tlog\cl.write.1.tlog
c:\users\rasa\documents\pin_code\pin_code\x64\release\pin_code.tlog\link.command.1.tlog
c:\users\rasa\documents\pin_code\pin_code\x64\release\pin_code.tlog\link.read.1.tlog
c:\users\rasa\documents\pin_code\pin_code\x64\release\pin_code.tlog\link.secondary.1.tlog
c:\users\rasa\documents\pin_code\pin_code\x64\release\pin_code.tlog\link.write.1.tlog
c:\users\rasa\documents\pin_code\pin_code\x64\release\pin_code.tlog\rc.command.1.tlog
c:\users\rasa\documents\pin_code\pin_code\x64\release\pin_code.tlog\rc.read.1.tlog
c:\users\rasa\documents\pin_code\pin_code\x64\release\pin_code.tlog\rc.write.1.tlog
